// Jest Snapshot v1, https://goo.gl/fbAQLP

exports[`<Entries /> Should render 1`] = `
<div>
  <HelmetWrapper
    defer={true}
    encodeSpecialCharacters={true}
  >
    <title>
      Series
    </title>
  </HelmetWrapper>
  <Connect(EntriesRequest) />
  <SubNavbar>
    <Container>
      <SubNavbarHeading>
        Popular 
        Series
      </SubNavbarHeading>
    </Container>
  </SubNavbar>
  <PageContainer>
    <Connect(ErrorGate)
      requestName="LOAD_PHOTOS"
    >
      <Connect(InitialDataLoadedGate)
        LoadingComponent={
          <Message>
            Loading...
          </Message>
        }
        requestName="LOAD_PHOTOS"
      >
        <Connect(EntriesList)
          programType="series"
        />
      </Connect(InitialDataLoadedGate)>
    </Connect(ErrorGate)>
  </PageContainer>
</div>
`;
