// Jest Snapshot v1, https://goo.gl/fbAQLP

exports[`reducers should be able to be used to configure store 1`] = `
Object {
  "entries": Object {},
  "error": Object {},
  "initialDataLoaded": Object {},
  "loading": Object {},
  "router": Object {
    "action": "POP",
    "location": Object {
      "hash": "",
      "pathname": "/",
      "search": "",
      "state": undefined,
    },
  },
}
`;
