// Jest Snapshot v1, https://goo.gl/fbAQLP

exports[`getEntries saga should call the entriesLoadingFailure action if the response errors 1`] = `
Object {
  "@@redux-saga/IO": true,
  "combinator": false,
  "payload": Object {
    "args": Array [
      "/feed/sample.json",
    ],
    "context": null,
    "fn": [Function],
  },
  "type": "CALL",
}
`;

exports[`getEntries saga should dispatch the entriesLoaded action if it requests the data successfully 1`] = `
Object {
  "@@redux-saga/IO": true,
  "combinator": false,
  "payload": Object {
    "args": Array [
      "/feed/sample.json",
    ],
    "context": null,
    "fn": [Function],
  },
  "type": "CALL",
}
`;
